12345 50 5 kayaking 20181012
98765 50 0 testService 20181230