12345 50 14 kayaking 20181012
22255 100 5 skiing 20181019
98765 50 9 testService 20181230