12345 50 4 kayaking 20181012
22255 100 0 skiing 20181019
98765 50 11 testService 20181230