12345 50 0 kayaking 20181012
23456 50 0 camping 20181012
98765 50 0 testService 20181230